
Running 1 test using 1 worker

  έεα  1 tests\auth.spec.ts:3:1 έΑ║ Company Admin Login & Dashboard Check (7.9s)


  1) tests\auth.spec.ts:3:1 έΑ║ Company Admin Login & Dashboard Check έΦΑέΦΑέΦΑέΦΑέΦΑέΦΑέΦΑέΦΑέΦΑέΦΑέΦΑέΦΑέΦΑέΦΑέΦΑέΦΑέΦΑέΦΑέΦΑέΦΑέΦΑέΦΑέΦΑέΦΑέΦΑέΦΑέΦΑέΦΑέΦΑέΦΑέΦΑέΦΑ

    Error: [2mexpect([22m[31mpage[39m[2m).[22mtoHaveURL[2m([22m[32mexpected[39m[2m)[22m failed

    Expected pattern: [32m/.*(dashboard|company).*/[39m
    Received string:  [31m"http://localhost:3000/login"[39m
    Timeout: 5000ms

    Call log:
    [2m  - Expect "toHaveURL" with timeout 5000ms[22m
    [2m    9 ├Ω unexpected value "http://localhost:3000/login"[22m


      14 |     // 4. Verify Redirection (allow for dynamic company ID in URL)
      15 |     // Expect URL to contain /dashboard or /company/
    > 16 |     await expect(page).toHaveURL(/.*(dashboard|company).*/);
         |                        ^
      17 |
      18 |     // 5. Check for Dashboard Content
      19 |     // "Company Compliance Overview" is the H1 on CompanyDashboard.tsx
        at C:\dev\customsapp\frontend\tests\auth.spec.ts:16:24

    Error Context: test-results\tests-auth-Company-Admin-Login-Dashboard-Check\error-context.md

  1 failed
    tests\auth.spec.ts:3:1 έΑ║ Company Admin Login & Dashboard Check έΦΑέΦΑέΦΑέΦΑέΦΑέΦΑέΦΑέΦΑέΦΑέΦΑέΦΑέΦΑέΦΑέΦΑέΦΑέΦΑέΦΑέΦΑέΦΑέΦΑέΦΑέΦΑέΦΑέΦΑέΦΑέΦΑέΦΑέΦΑέΦΑέΦΑέΦΑέΦΑέΦΑ
